// Vitest Snapshot v1, https://vitest.dev/guide/snapshot.html

exports[`App component > matches snapshot 1`] = `
<DocumentFragment>
  <div
    class="container mt-4"
  >
    <div>
      <form>
        <div
          class="input-group mb-3"
        >
          <input
            class="form-control"
            placeholder="Search GitHub users (e.g., 'octo')"
            type="text"
            value=""
          />
          <button
            class="btn btn-primary"
            type="submit"
          >
            Search
          </button>
        </div>
      </form>
    </div>
  </div>
</DocumentFragment>
`;
